
> homepage-sortelba-com@0.1.0 dev
> next dev

⚠ Warning: Next.js inferred your workspace root, but it may not be correct.
 We detected multiple lockfiles and selected the directory of /Users/steffenortelbach/package-lock.json as the root directory.
 To silence this warning, set `turbopack.root` in your Next.js config, or consider removing one of the lockfiles if it's not needed.
   See https://nextjs.org/docs/app/api-reference/config/next-config-js/turbopack#root-directory for more information.
 Detected additional lockfiles: 
   * /Users/steffenortelbach/Documents/Dokumente – MacBook Air von Steffen - 1/CurbsideHomepage/curbside-magazine/package-lock.json

▲ Next.js 16.1.6 (Turbopack)
- Local:         http://localhost:3000

✓ Starting...
✓ Ready in 2.6s
 GET /api/settings?key=skatelife-secret 200 in 353ms (compile: 337ms, render: 16ms)
Starting scrape job...
Scraping 10 news sources, YouTube, and 4 Instagram tags...
Fetching RSS for Boardstation...
Fetching RSS for Limited Skateboarding...
Fetching RSS for Irregular Magazin...
Fetching RSS for Shredder News...
Fetching RSS for Jenkem Mag...
Fetching RSS for Thrasher News...
Fetching RSS for Transworld...
Fetching RSS for Solo Skate Mag...
Fetching RSS for Pocket Skate Mag...
Fetching RSS for Place Magazine...
RSS fetch failed for Thrasher News: 500
Error scraping RSS Place Magazine: TypeError: fetch failed
    at async scrapeRssSource (src/lib/scraper.ts:193:26)
    at async scrapeAllSources (src/lib/scraper.ts:329:25)
    at async GET (src/app/api/cron/scrape/route.ts:24:25)
  191 |     try {
  192 |         console.log(`Fetching RSS for ${source.name}...`);
> 193 |         const response = await fetchWithHeaders(source.url);
      |                          ^
  194 |
  195 |         if (!response.ok) {
  196 |             console.warn(`RSS fetch failed for ${source.name}: ${response.status}`); {
  [cause]: Error [SocketError]: other side closed
      at ignore-listed frames {
    code: 'UND_ERR_SOCKET',
    socket: {
      localAddress: '192.168.178.32',
      localPort: 49203,
      remoteAddress: '52.40.42.113',
      remotePort: 443,
      remoteFamily: 'IPv4',
      timeout: undefined,
      bytesWritten: 403,
      bytesRead: 0
    }
  }
}
Fetch failed for https://www.skateboarding.com/news/skater-musician-friend-and-father-micah-mattson-gone-too-soon: 403 Forbidden
Error scraping RSS Solo Skate Mag: TypeError: fetch failed
    at async scrapeRssSource (src/lib/scraper.ts:193:26)
    at async scrapeAllSources (src/lib/scraper.ts:329:25)
    at async GET (src/app/api/cron/scrape/route.ts:24:25)
  191 |     try {
  192 |         console.log(`Fetching RSS for ${source.name}...`);
> 193 |         const response = await fetchWithHeaders(source.url);
      |                          ^
  194 |
  195 |         if (!response.ok) {
  196 |             console.warn(`RSS fetch failed for ${source.name}: ${response.status}`); {
  [cause]: Error [ConnectTimeoutError]: Connect Timeout Error (attempted address: soloskatemag.com:443, timeout: 10000ms)
      at ignore-listed frames {
    code: 'UND_ERR_CONNECT_TIMEOUT'
  }
}
Searching for #skateboarding on Instagram via DuckDuckGo...
Searching for #berics on Instagram via DuckDuckGo...
Searching for #thrasher on Instagram via DuckDuckGo...
Searching for #skateboardingisfun on Instagram via DuckDuckGo...
Scraping failed: TypeError: fetch failed
    at async searchInstagramHashtag (src/lib/instagram.ts:58:26)
    at async scrapeAllSources (src/lib/scraper.ts:354:30)
    at async GET (src/app/api/cron/scrape/route.ts:24:25)
  56 |
  57 |     try {
> 58 |         const response = await fetch(url, {
     |                          ^
  59 |             headers: {
  60 |                 // User-Agent is critical to avoid immediate bot detection
  61 |                 'User-Agent': 'Mozilla/5.0 (Macintosh; Intel Mac OS X 10_15_7) AppleWebKit/537.36 (KHTML, like Gecko) Chrome/91.0.4472.114 Safari/537.36' {
  [cause]: Error: read ECONNRESET
      at ignore-listed frames {
    errno: -54,
    code: 'ECONNRESET',
    syscall: 'read'
  }
}
Scraping failed: TypeError: fetch failed
    at async searchInstagramHashtag (src/lib/instagram.ts:58:26)
    at async scrapeAllSources (src/lib/scraper.ts:354:30)
    at async GET (src/app/api/cron/scrape/route.ts:24:25)
  56 |
  57 |     try {
> 58 |         const response = await fetch(url, {
     |                          ^
  59 |             headers: {
  60 |                 // User-Agent is critical to avoid immediate bot detection
  61 |                 'User-Agent': 'Mozilla/5.0 (Macintosh; Intel Mac OS X 10_15_7) AppleWebKit/537.36 (KHTML, like Gecko) Chrome/91.0.4472.114 Safari/537.36' {
  [cause]: Error: read ECONNRESET
      at ignore-listed frames {
    errno: -54,
    code: 'ECONNRESET',
    syscall: 'read'
  }
}
Scraping failed: TypeError: fetch failed
    at async searchInstagramHashtag (src/lib/instagram.ts:58:26)
    at async scrapeAllSources (src/lib/scraper.ts:354:30)
    at async GET (src/app/api/cron/scrape/route.ts:24:25)
  56 |
  57 |     try {
> 58 |         const response = await fetch(url, {
     |                          ^
  59 |             headers: {
  60 |                 // User-Agent is critical to avoid immediate bot detection
  61 |                 'User-Agent': 'Mozilla/5.0 (Macintosh; Intel Mac OS X 10_15_7) AppleWebKit/537.36 (KHTML, like Gecko) Chrome/91.0.4472.114 Safari/537.36' {
  [cause]: Error: read ECONNRESET
      at ignore-listed frames {
    errno: -54,
    code: 'ECONNRESET',
    syscall: 'read'
  }
}
Scraping failed: TypeError: fetch failed
    at async searchInstagramHashtag (src/lib/instagram.ts:58:26)
    at async scrapeAllSources (src/lib/scraper.ts:354:30)
    at async GET (src/app/api/cron/scrape/route.ts:24:25)
  56 |
  57 |     try {
> 58 |         const response = await fetch(url, {
     |                          ^
  59 |             headers: {
  60 |                 // User-Agent is critical to avoid immediate bot detection
  61 |                 'User-Agent': 'Mozilla/5.0 (Macintosh; Intel Mac OS X 10_15_7) AppleWebKit/537.36 (KHTML, like Gecko) Chrome/91.0.4472.114 Safari/537.36' {
  [cause]: Error: read ECONNRESET
      at ignore-listed frames {
    errno: -54,
    code: 'ECONNRESET',
    syscall: 'read'
  }
}
GEMINI_API_KEY not found. Returning original content.
GEMINI_API_KEY not found. Returning original content.
GEMINI_API_KEY not found. Returning original content.
GEMINI_API_KEY not found. Returning original content.
GEMINI_API_KEY not found. Returning original content.
GEMINI_API_KEY not found. Returning original content.
GEMINI_API_KEY not found. Returning original content.
GEMINI_API_KEY not found. Returning original content.
GEMINI_API_KEY not found. Returning original content.
 GET /api/cron/scrape?mode=draft&key=skatelife-secret 200 in 11.4s (compile: 149ms, render: 11.3s)
 POST /api/posts/create 200 in 34ms (compile: 24ms, render: 10ms)
 POST /api/posts/create 200 in 9ms (compile: 1082µs, render: 8ms)
 POST /api/posts/create 200 in 8ms (compile: 773µs, render: 7ms)
